Traceback (most recent call last):
  File "E:\radmirka1\bot.py", line 1028, in <module>
    asyncio.run(main())
    ~~~~~~~~~~~^^^^^^^^
  File "C:\Users\steam\AppData\Local\Python\pythoncore-3.14-64\Lib\asyncio\runners.py", line 205, in run
    return runner.run(main)
           ~~~~~~~~~~^^^^^^
  File "C:\Users\steam\AppData\Local\Python\pythoncore-3.14-64\Lib\asyncio\runners.py", line 128, in run
    return self._loop.run_until_complete(task)
           ~~~~~~~~~~~~~~~~~~~~~~~~~~~~~^^^^^^
  File "C:\Users\steam\AppData\Local\Python\pythoncore-3.14-64\Lib\asyncio\base_events.py", line 719, in run_until_complete
    return future.result()
           ~~~~~~~~~~~~~^^
  File "E:\radmirka1\bot.py", line 1007, in main
    await bot.send_message(LOG_CHANNEL_ID, "\u2705 Бот запущен")
  File "C:\Users\steam\AppData\Local\Python\pythoncore-3.14-64\Lib\site-packages\aiogram\client\bot.py", line 2991, in send_message
    return await self(call, request_timeout=request_timeout)
           ^^^^^^^^^^^^^^^^^^^^^^^^^^^^^^^^^^^^^^^^^^^^^^^^^
  File "C:\Users\steam\AppData\Local\Python\pythoncore-3.14-64\Lib\site-packages\aiogram\client\bot.py", line 514, in __call__
    return await self.session(self, method, timeout=request_timeout)
           ^^^^^^^^^^^^^^^^^^^^^^^^^^^^^^^^^^^^^^^^^^^^^^^^^^^^^^^^^
  File "C:\Users\steam\AppData\Local\Python\pythoncore-3.14-64\Lib\site-packages\aiogram\client\session\base.py", line 259, in __call__
    return cast(TelegramType, await middleware(bot, method))
                              ^^^^^^^^^^^^^^^^^^^^^^^^^^^^^
  File "C:\Users\steam\AppData\Local\Python\pythoncore-3.14-64\Lib\site-packages\aiogram\client\session\aiohttp.py", line 177, in make_request
    response = self.check_response(
        bot=bot,
    ...<2 lines>...
        content=raw_result,
    )
  File "C:\Users\steam\AppData\Local\Python\pythoncore-3.14-64\Lib\site-packages\aiogram\client\session\base.py", line 115, in check_response
    raise TelegramMigrateToChat(
    ...<3 lines>...
    )
aiogram.exceptions.TelegramMigrateToChat: Telegram server says - The group has been migrated to a supergroup with id -1004224864188 from -5415757289
Original description: Bad Request: group chat was upgraded to a supergroup chat
(background on this error at: https://core.telegram.org/bots/api#responseparameters)
